// Jest Snapshot v1, https://goo.gl/fbAQLP

exports[`Card text component Text with text 1`] = `
<p>
  Lorem ipsum dolor sit amet, consetetur sadipscing elitr, sed diam nonumy eirmod tempor invidunt
</p>
`;

exports[`Card text component Text without text 1`] = `null`;
