// Jest Snapshot v1, https://goo.gl/fbAQLP

exports[`Card media component Card media with source 1`] = `
<img
  alt="Placeholder Iamge"
  src="https://via.placeholder.com/300x200"
/>
`;

exports[`Card media component Card media without source 1`] = `null`;
