// Jest Snapshot v1, https://goo.gl/fbAQLP

exports[`Heading component Avatar without source 1`] = `null`;
